DEBUG:paramiko.transport:starting thread (client mode): 0x5fa7c30
DEBUG:paramiko.transport:Local version/idstring: SSH-2.0-paramiko_2.4.1
DEBUG:paramiko.transport:Remote version/idstring: SSH-1.99-Cisco-1.25
INFO:paramiko.transport:Connected (version 1.99, client Cisco-1.25)
DEBUG:paramiko.transport:kex algos:['diffie-hellman-group-exchange-sha1', 'diffie-hellman-group14-sha1'] server key:['ssh-rsa'] client encrypt:['aes128-ctr', 'aes192-ctr', 'aes256-ctr'] server encrypt:['aes128-ctr', 'aes192-ctr', 'aes256-ctr'] client mac:['hmac-sha2-256', 'hmac-sha2-512', 'hmac-sha1', 'hmac-sha1-96'] server mac:['hmac-sha2-256', 'hmac-sha2-512', 'hmac-sha1', 'hmac-sha1-96'] client compress:['none'] server compress:['none'] client lang:[''] server lang:[''] kex follows?False
DEBUG:paramiko.transport:Kex agreed: diffie-hellman-group-exchange-sha1
DEBUG:paramiko.transport:HostKey agreed: ssh-rsa
DEBUG:paramiko.transport:Cipher agreed: aes128-ctr
DEBUG:paramiko.transport:MAC agreed: hmac-sha2-256
DEBUG:paramiko.transport:Compression agreed: none
DEBUG:paramiko.transport:Got server p (2048 bits)
DEBUG:paramiko.transport:kex engine KexGex specified hash_algo <built-in function openssl_sha1>
DEBUG:paramiko.transport:Switch to new keys ...
DEBUG:paramiko.transport:Adding ssh-rsa host key for 10.25.254.97: b'aea534dcf451fdcd70a0764425a78a74'
DEBUG:paramiko.transport:userauth is OK
INFO:paramiko.transport:Authentication (password) successful!
DEBUG:paramiko.transport:[chan 0] Max packet in: 32768 bytes
DEBUG:paramiko.transport:[chan 0] Max packet out: 4096 bytes
DEBUG:paramiko.transport:Secsh channel 0 opened.
DEBUG:paramiko.transport:[chan 0] Sesch channel 0 request ok
DEBUG:paramiko.transport:[chan 0] Sesch channel 0 request ok
DEBUG:netmiko:read_channel: 


LON4LABASR1K>
DEBUG:netmiko:read_channel: 
DEBUG:netmiko:read_channel: 
DEBUG:netmiko:read_channel: 
DEBUG:netmiko:write_channel: b'\n'
DEBUG:netmiko:read_channel: 
LON4LABASR1K>
DEBUG:netmiko:read_channel: 
DEBUG:netmiko:read_channel: 
DEBUG:netmiko:In disable_paging
DEBUG:netmiko:Command: terminal length 0

DEBUG:netmiko:write_channel: b'terminal length 0\n'
DEBUG:netmiko:Pattern is: LON4LABASR1K
DEBUG:netmiko:_read_channel_expect read_data: t
DEBUG:netmiko:_read_channel_expect read_data: erminal length 0
LON4LABASR1K>
DEBUG:netmiko:Pattern found: LON4LABASR1K terminal length 0
LON4LABASR1K>
DEBUG:netmiko:terminal length 0
LON4LABASR1K>
DEBUG:netmiko:Exiting disable_paging
DEBUG:netmiko:write_channel: b'terminal width 511\n'
DEBUG:netmiko:Pattern is: LON4LABASR1K
DEBUG:netmiko:_read_channel_expect read_data: t
DEBUG:netmiko:_read_channel_expect read_data: erminal width 511
LON4LABASR1K>
DEBUG:netmiko:Pattern found: LON4LABASR1K terminal width 511
LON4LABASR1K>
DEBUG:netmiko:read_channel: 
DEBUG:netmiko:write_channel: b'\n'
DEBUG:netmiko:Pattern is: LON4LABASR1K
DEBUG:netmiko:_read_channel_expect read_data: 

DEBUG:netmiko:_read_channel_expect read_data: LON4LABASR1K>
DEBUG:netmiko:Pattern found: LON4LABASR1K 
LON4LABASR1K>
DEBUG:netmiko:write_channel: b'enable\n'
DEBUG:netmiko:Pattern is: (LON4LABASR1K|ssword)
DEBUG:netmiko:_read_channel_expect read_data: e
DEBUG:netmiko:_read_channel_expect read_data: nable
LON4LABASR1K#
DEBUG:netmiko:Pattern found: (LON4LABASR1K|ssword) enable
LON4LABASR1K#
DEBUG:netmiko:write_channel: b'\n'
DEBUG:netmiko:Pattern is: LON4LABASR1K
DEBUG:netmiko:_read_channel_expect read_data: 
LON4LABASR1K#
DEBUG:netmiko:Pattern found: LON4LABASR1K 
LON4LABASR1K#
DEBUG:netmiko:write_channel: b'\n'
DEBUG:netmiko:Pattern is: LON4LABASR1K
DEBUG:netmiko:_read_channel_expect read_data: 
LON4LABASR1K#
DEBUG:netmiko:Pattern found: LON4LABASR1K 
LON4LABASR1K#
DEBUG:netmiko:read_channel: 
DEBUG:netmiko:write_channel: b'\n'
DEBUG:netmiko:read_channel: 
LON4LABASR1K#
DEBUG:netmiko:read_channel: 
DEBUG:netmiko:read_channel: 
DEBUG:netmiko:write_channel: b'show run | inc logging\n'
DEBUG:netmiko:read_channel: 
DEBUG:netmiko:read_channel: show run | inc logging
logging buffered 9000
no logging console
LON4LABASR1K#
DEBUG:netmiko:write_channel: b'\n'
DEBUG:netmiko:read_channel: 
LON4LABASR1K#
DEBUG:netmiko:read_channel: 
DEBUG:netmiko:read_channel: 
DEBUG:netmiko:write_channel: b'config term\n'
DEBUG:netmiko:Pattern is: LON4LABASR1K
DEBUG:netmiko:_read_channel_expect read_data: c
DEBUG:netmiko:_read_channel_expect read_data: onfig term
Enter configuration commands, one per line.  End with CNTL/Z.
LON4LABASR1K(config)#
DEBUG:netmiko:Pattern found: LON4LABASR1K config term
Enter configuration commands, one per line.  End with CNTL/Z.
LON4LABASR1K(config)#
DEBUG:netmiko:write_channel: b'\n'
DEBUG:netmiko:read_channel: 
LON4LABASR1K(config)#
DEBUG:netmiko:read_channel: 
DEBUG:netmiko:read_channel: 
DEBUG:netmiko:write_channel: b'logging buffered 9000\n'
DEBUG:netmiko:write_channel: b'no logging console\n'
DEBUG:netmiko:read_channel: logging buffered 9000
LON4LABASR1K(config)#no logging console
LON4LABASR1K(config)#
DEBUG:netmiko:read_channel: 
DEBUG:netmiko:read_channel: 
DEBUG:netmiko:write_channel: b'\n'
DEBUG:netmiko:read_channel: 
LON4LABASR1K(config)#
DEBUG:netmiko:read_channel: 
DEBUG:netmiko:read_channel: 
DEBUG:netmiko:write_channel: b'end\n'
DEBUG:netmiko:Pattern is: #
DEBUG:netmiko:_read_channel_expect read_data: en
DEBUG:netmiko:_read_channel_expect read_data: d
LON4LABASR1K#
DEBUG:netmiko:Pattern found: # end
LON4LABASR1K#
DEBUG:netmiko:write_channel: b'\n'
DEBUG:netmiko:read_channel: 
LON4LABASR1K#
DEBUG:netmiko:read_channel: 
DEBUG:netmiko:read_channel: 
DEBUG:netmiko:exit_config_mode: end
LON4LABASR1K#
DEBUG:netmiko:config term
Enter configuration commands, one per line.  End with CNTL/Z.
LON4LABASR1K(config)#logging buffered 9000
LON4LABASR1K(config)#no logging console
LON4LABASR1K(config)#end
LON4LABASR1K#
DEBUG:netmiko:write_channel: b'\n'
DEBUG:netmiko:read_channel: 
LON4LABASR1K#
DEBUG:netmiko:read_channel: 
DEBUG:netmiko:read_channel: 
DEBUG:netmiko:exit_config_mode: 
DEBUG:netmiko:write_channel: b'exit\n'
DEBUG:paramiko.transport:EOF in transport thread
